===== AdaptiveData =====
AtlasCheck/AdaptiveData.lean:20:4: warning: unused variable `n`

Note: This linter can be disabled with `set_option linter.unusedVariables false`
AtlasCheck/AdaptiveData.lean:24:35: warning: Used `tac1 <;> tac2` where `(tac1; tac2)` would suffice

Note: This linter can be disabled with `set_option linter.unnecessarySeqFocus false`
===== AdaptiveCausality =====
===== AdaptiveGame =====
===== AdaptiveCounting =====
===== AdaptiveExtraction =====
===== AdaptiveTape =====
AtlasCheck/AdaptiveTape.lean:11:4: warning: unused variable `n`

Note: This linter can be disabled with `set_option linter.unusedVariables false`
===== AdaptiveSampleEquiv =====
AtlasCheck/AdaptiveSampleEquiv.lean:46:0: warning: automatically included section variable(s) unused in theorem `Atlas.Probability.AdaptiveSchnorrEUFCMA.chosenForgery_spec`:
  [Fintype Seed]
consider restructuring your `variable` declarations so that the variables are not in scope or explicitly omit them:
  omit [Fintype Seed] in theorem ...

Note: This linter can be disabled with `set_option linter.unusedSectionVars false`
AtlasCheck/AdaptiveSampleEquiv.lean:52:0: warning: automatically included section variable(s) unused in theorem `Atlas.Probability.AdaptiveSchnorrEUFCMA.acceptedRun_unique`:
  [Fintype Seed]
consider restructuring your `variable` declarations so that the variables are not in scope or explicitly omit them:
  omit [Fintype Seed] in theorem ...

Note: This linter can be disabled with `set_option linter.unusedSectionVars false`
===== AdaptiveBijection =====
AtlasCheck/AdaptiveBijection.lean:64:0: warning: automatically included section variable(s) unused in theorem `Atlas.Probability.AdaptiveSchnorrEUFCMA.acceptedRun_unique`:
  [Fintype Seed]
consider restructuring your `variable` declarations so that the variables are not in scope or explicitly omit them:
  omit [Fintype Seed] in theorem ...

Note: This linter can be disabled with `set_option linter.unusedSectionVars false`
AtlasCheck/AdaptiveBijection.lean:93:8: error: Dependent elimination failed: Failed to solve equation
  forgery =
    (winningToAccepted S A
        (acceptedToWinning S A
          { secret := secret, seed := seed, tape := tape, forgery := forgery, accepted := accepted })).forgery
AtlasCheck/AdaptiveBijection.lean:139:8: error: Type mismatch: After simplification, term
  s.accepted
 has type
  AcceptedRun S A (S.toPoint s.secret) s.seed s.tape s.forgery
but is expected to have type
  AcceptedRun S A (S.toPoint (rowToAccepted S A (acceptedToRow S A s)).secret)
    (rowToAccepted S A (acceptedToRow S A s)).seed (rowToAccepted S A (acceptedToRow S A s)).tape s.forgery
AtlasCheck/AdaptiveBijection.lean:143:8: error: Dependent elimination failed: Failed to solve equation
  forgery = Classical.choose ⋯
AtlasCheck/AdaptiveBijection.lean:154:10: error(lean.unknownIdentifier): Unknown constant `Atlas.Probability.AdaptiveSchnorrEUFCMA.FlatSuccessfulRow.ext`
AtlasCheck/AdaptiveBijection.lean:155:4: error: No goals to be solved
AtlasCheck/AdaptiveBijection.lean:185:2: error(lean.synthInstanceFailed): failed to synthesize instance of type class
  Fintype
    ((i : Fin (rounds + 1)) × (ctx : (ZMod ell × Seed) × AnswerTape (ZMod ell) rounds) × { c // GoodAt S A i ctx c })

Hint: Type class instance resolution failures can be inspected with the `set_option trace.Meta.synthInstance true` command.
AtlasCheck/AdaptiveBijection.lean:197:44: error: unsolved goals
ell : ℕ
inst✝³ : NeZero ell
Msg : Type v
Seed : Type w
rounds : ℕ
S : ScalarGroup ell
inst✝² : DecidableEq S.G
inst✝¹ : DecidableEq Msg
A : Adversary S.G Msg ell Seed
inst✝ : Fintype Seed
⊢ ∑ x, ∑ x_1, ↑(Fintype.card { c // GoodAt S A x x_1 c }) = ∑ row, ↑{c | GoodAt S A row.1 row.2 c}.card
===== KummerProbe =====
WeierstrassCurve.Affine.Point.{r} {R : Type r} [CommRing R] (W' : WeierstrassCurve.Affine R) : Type r
WeierstrassCurve.Affine.Point.rec.{u, r} {R : Type r} [CommRing R] {W' : WeierstrassCurve.Affine R}
  {motive : W'.Point → Sort u} (zero : motive WeierstrassCurve.Affine.Point.zero)
  (some : {x y : R} → (h : W'.Nonsingular x y) → motive (WeierstrassCurve.Affine.Point.some h)) (t : W'.Point) :
  motive t
WeierstrassCurve.Affine.Point.casesOn.{u, r} {R : Type r} [CommRing R] {W' : WeierstrassCurve.Affine R}
  {motive : W'.Point → Sort u} (t : W'.Point) (zero : motive WeierstrassCurve.Affine.Point.zero)
  (some : {x y : R} → (h : W'.Nonsingular x y) → motive (WeierstrassCurve.Affine.Point.some h)) : motive t
WeierstrassCurve.Affine.Point.some.{r} {R : Type r} [CommRing R] {W' : WeierstrassCurve.Affine R} {x y : R}
  (h : W'.Nonsingular x y) : W'.Point
WeierstrassCurve.Affine.equation_iff_nonsingular.{r} {R : Type r} [CommRing R] {W : WeierstrassCurve.Affine R}
  [Nontrivial R] [WeierstrassCurve.IsElliptic W] {x y : R} :
  (WeierstrassCurve.toAffine W).Equation x y ↔ (WeierstrassCurve.toAffine W).Nonsingular x y
WeierstrassCurve.Affine.Y_eq_of_X_eq.{u} {F : Type u} [Field F] {W : WeierstrassCurve.Affine F} {x₁ x₂ y₁ y₂ : F}
  (h₁ : W.Equation x₁ y₁) (h₂ : W.Equation x₂ y₂) (hx : x₁ = x₂) : y₁ = y₂ ∨ y₁ = W.negY x₂ y₂
WeierstrassCurve.Affine.Point.add_some.{u} {F : Type u} [Field F] {W : WeierstrassCurve.Affine F} [DecidableEq F]
  {x₁ x₂ y₁ y₂ : F} (hxy : ¬(x₁ = x₂ ∧ y₁ = W.negY x₂ y₂)) {h₁ : W.Nonsingular x₁ y₁} {h₂ : W.Nonsingular x₂ y₂} :
  WeierstrassCurve.Affine.Point.some h₁ + WeierstrassCurve.Affine.Point.some h₂ = WeierstrassCurve.Affine.Point.some ⋯
WeierstrassCurve.Affine.Point.add_of_X_ne.{u} {F : Type u} [Field F] {W : WeierstrassCurve.Affine F} [DecidableEq F]
  {x₁ x₂ y₁ y₂ : F} {h₁ : W.Nonsingular x₁ y₁} {h₂ : W.Nonsingular x₂ y₂} (hx : x₁ ≠ x₂) :
  WeierstrassCurve.Affine.Point.some h₁ + WeierstrassCurve.Affine.Point.some h₂ = WeierstrassCurve.Affine.Point.some ⋯
WeierstrassCurve.Affine.Point.add_of_Y_eq.{u} {F : Type u} [Field F] {W : WeierstrassCurve.Affine F} [DecidableEq F]
  {x₁ x₂ y₁ y₂ : F} {h₁ : W.Nonsingular x₁ y₁} {h₂ : W.Nonsingular x₂ y₂} (hx : x₁ = x₂) (hy : y₁ = W.negY x₂ y₂) :
  WeierstrassCurve.Affine.Point.some h₁ + WeierstrassCurve.Affine.Point.some h₂ = 0
WeierstrassCurve.Affine.Point.add_self_of_Y_ne.{u} {F : Type u} [Field F] {W : WeierstrassCurve.Affine F}
  [DecidableEq F] {x₁ y₁ : F} {h₁ : W.Nonsingular x₁ y₁} (hy : y₁ ≠ W.negY x₁ y₁) :
  WeierstrassCurve.Affine.Point.some h₁ + WeierstrassCurve.Affine.Point.some h₁ = WeierstrassCurve.Affine.Point.some ⋯
WeierstrassCurve.Affine.Point.neg_some.{r} {R : Type r} [CommRing R] {W' : WeierstrassCurve.Affine R} {x y : R}
  (h : W'.Nonsingular x y) : -WeierstrassCurve.Affine.Point.some h = WeierstrassCurve.Affine.Point.some ⋯
WeierstrassCurve.Affine.equation_iff.{r} {R : Type r} [CommRing R] {W : WeierstrassCurve.Affine R} (x y : R) :
  W.Equation x y ↔ y ^ 2 + W.a₁ * x * y + W.a₃ * y = x ^ 3 + W.a₂ * x ^ 2 + W.a₄ * x + W.a₆
WeierstrassCurve.Affine.nonsingular_iff.{r} {R : Type r} [CommRing R] {W : WeierstrassCurve.Affine R} (x y : R) :
  W.Nonsingular x y ↔ W.Equation x y ∧ (W.a₁ * y ≠ 3 * x ^ 2 + 2 * W.a₂ * x + W.a₄ ∨ y ≠ -y - W.a₁ * x - W.a₃)
WeierstrassCurve.Affine.addX.{r} {R : Type r} [CommRing R] (W' : WeierstrassCurve.Affine R) (x₁ x₂ ℓ : R) : R
WeierstrassCurve.Affine.slope.{u} {F : Type u} [Field F] (W : WeierstrassCurve.Affine F) [DecidableEq F]
  (x₁ x₂ y₁ y₂ : F) : F
AlgebraicClosure.{u} (k : Type u) [Field k] : Type u
IsAlgClosed.exists_pow_nat_eq.{u} {k : Type u} [Field k] [IsAlgClosed k] (x : k) {n : ℕ} (hn : 0 < n) : ∃ z, z ^ n = x
===== KummerAlgebraicLift =====
AtlasCheck/KummerAlgebraicLift.lean:35:8: warning: automatically included section variable(s) unused in theorem `Atlas.X25519.TotalKummer.ProjectiveX.eqv_refl`:
  [DecidableEq K]
  [IsAlgClosed K]
consider restructuring your `variable` declarations so that the variables are not in scope or explicitly omit them:
  omit [DecidableEq K] [IsAlgClosed K] in theorem ...

Note: This linter can be disabled with `set_option linter.unusedSectionVars false`
AtlasCheck/KummerAlgebraicLift.lean:38:8: warning: automatically included section variable(s) unused in theorem `Atlas.X25519.TotalKummer.ProjectiveX.eqv_symm`:
  [DecidableEq K]
  [IsAlgClosed K]
consider restructuring your `variable` declarations so that the variables are not in scope or explicitly omit them:
  omit [DecidableEq K] [IsAlgClosed K] in theorem ...

Note: This linter can be disabled with `set_option linter.unusedSectionVars false`
AtlasCheck/KummerAlgebraicLift.lean:42:9: warning: automatically included section variable(s) unused in theorem `Atlas.X25519.TotalKummer.ProjectiveX.eqv_trans`:
  [DecidableEq K]
  [IsAlgClosed K]
consider restructuring your `variable` declarations so that the variables are not in scope or explicitly omit them:
  omit [DecidableEq K] [IsAlgClosed K] in theorem ...

Note: This linter can be disabled with `set_option linter.unusedSectionVars false`
AtlasCheck/KummerAlgebraicLift.lean:73:12: warning: unused variable `y`

Note: This linter can be disabled with `set_option linter.unusedVariables false`
AtlasCheck/KummerAlgebraicLift.lean:75:8: warning: automatically included section variable(s) unused in theorem `Atlas.X25519.TotalKummer.Montgomery.pointXRep_zero`:
  [DecidableEq K]
  [IsAlgClosed K]
  [(montgomeryCurve A).IsElliptic]
consider restructuring your `variable` declarations so that the variables are not in scope or explicitly omit them:
  omit [DecidableEq K] [IsAlgClosed K] [(montgomeryCurve A).IsElliptic] in theorem ...

Note: This linter can be disabled with `set_option linter.unusedSectionVars false`
AtlasCheck/KummerAlgebraicLift.lean:79:8: warning: automatically included section variable(s) unused in theorem `Atlas.X25519.TotalKummer.Montgomery.pointXRep_some`:
  [DecidableEq K]
  [IsAlgClosed K]
  [(montgomeryCurve A).IsElliptic]
consider restructuring your `variable` declarations so that the variables are not in scope or explicitly omit them:
  omit [DecidableEq K] [IsAlgClosed K] [(montgomeryCurve A).IsElliptic] in theorem ...

Note: This linter can be disabled with `set_option linter.unusedSectionVars false`
AtlasCheck/KummerAlgebraicLift.lean:84:8: warning: automatically included section variable(s) unused in theorem `Atlas.X25519.TotalKummer.Montgomery.pointXRep_neg`:
  [DecidableEq K]
  [IsAlgClosed K]
  [(montgomeryCurve A).IsElliptic]
consider restructuring your `variable` declarations so that the variables are not in scope or explicitly omit them:
  omit [DecidableEq K] [IsAlgClosed K] [(montgomeryCurve A).IsElliptic] in theorem ...

Note: This linter can be disabled with `set_option linter.unusedSectionVars false`
AtlasCheck/KummerAlgebraicLift.lean:95:8: warning: automatically included section variable(s) unused in theorem `Atlas.X25519.TotalKummer.Montgomery.sqrtRhs_sq`:
  [DecidableEq K]
  [(montgomeryCurve A).IsElliptic]
consider restructuring your `variable` declarations so that the variables are not in scope or explicitly omit them:
  omit [DecidableEq K] [(montgomeryCurve A).IsElliptic] in theorem ...

Note: This linter can be disabled with `set_option linter.unusedSectionVars false`
AtlasCheck/KummerAlgebraicLift.lean:102:4: warning: try 'simp' instead of 'simpa'

Note: This linter can be disabled with `set_option linter.unnecessarySimpa false`
AtlasCheck/KummerAlgebraicLift.lean:120:4: error: No goals to be solved
AtlasCheck/KummerAlgebraicLift.lean:122:8: warning: automatically included section variable(s) unused in theorem `_private.AtlasCheck.KummerAlgebraicLift.0.Atlas.X25519.TotalKummer.Montgomery.zero_of_represents_at_infinity`:
  [DecidableEq K]
  [IsAlgClosed K]
  [(montgomeryCurve A).IsElliptic]
consider restructuring your `variable` declarations so that the variables are not in scope or explicitly omit them:
  omit [DecidableEq K] [IsAlgClosed K] [(montgomeryCurve A).IsElliptic] in theorem ...

Note: This linter can be disabled with `set_option linter.unusedSectionVars false`
AtlasCheck/KummerAlgebraicLift.lean:133:8: warning: automatically included section variable(s) unused in theorem `_private.AtlasCheck.KummerAlgebraicLift.0.Atlas.X25519.TotalKummer.Montgomery.some_of_represents_affine`:
  [DecidableEq K]
  [IsAlgClosed K]
  [(montgomeryCurve A).IsElliptic]
consider restructuring your `variable` declarations so that the variables are not in scope or explicitly omit them:
  omit [DecidableEq K] [IsAlgClosed K] [(montgomeryCurve A).IsElliptic] in theorem ...

Note: This linter can be disabled with `set_option linter.unusedSectionVars false`
